
Anthony@Anthony MINGW64 ~
$ git status
fatal: Not a git repository (or any of the parent directories): .git

Anthony@Anthony MINGW64 ~
$ 1s
bash: 1s: command not found

Anthony@Anthony MINGW64 ~
$ ls
'3D Objects'/
 AppData/
'Application Data'@
 Contacts/
 Cookies@
'Creative Cloud Files'/
 Desktop/
 Documents/
 Downloads/
 Favorites/
 git_practice/
 Heaven/
 Intel/
 Links/
'Local Settings'@
 Music/
'My Documents'@
 NetHood@
 NTUSER.DAT
 ntuser.dat.LOG1
 ntuser.dat.LOG2
 NTUSER.DAT{282212c4-8428-11e7-8b38-cbbb572c71a0}.TM.blf
 NTUSER.DAT{282212c4-8428-11e7-8b38-cbbb572c71a0}.TMContainer00000000000000000001.regtrans-ms
 NTUSER.DAT{282212c4-8428-11e7-8b38-cbbb572c71a0}.TMContainer00000000000000000002.regtrans-ms
 ntuser.ini
 OneDrive/
 Pictures/
 PrintHood@
 Recent@
'Saved Games'/
 Searches/
 SendTo@
'Start Menu'@
 Templates@
 Videos/

Anthony@Anthony MINGW64 ~
$ pwd
/c/Users/Anthony

Anthony@Anthony MINGW64 ~
$ mkdir excursion

Anthony@Anthony MINGW64 ~
$ touch index.html

Anthony@Anthony MINGW64 ~
$ mkdir resources

Anthony@Anthony MINGW64 ~
$ mkdir css

Anthony@Anthony MINGW64 ~
$ touch style.css

Anthony@Anthony MINGW64 ~
$ pwd
/c/Users/Anthony

Anthony@Anthony MINGW64 ~
$ ls
'3D Objects'/             Documents/      Links/             NTUSER.DAT{282212c4
 AppData/                 Downloads/     'Local Settings'@   NTUSER.DAT{282212c4
'Application Data'@       excursion/      Music/             NTUSER.DAT{282212c4
 Contacts/                Favorites/     'My Documents'@     ntuser.ini
 Cookies@                 git_practice/   NetHood@           OneDrive/
'Creative Cloud Files'/   Heaven/         NTUSER.DAT         Pictures/
 css/                     index.html      ntuser.dat.LOG1    PrintHood@
 Desktop/                 Intel/          ntuser.dat.LOG2    Recent@

Anthony@Anthony MINGW64 ~
$ mkdir resources

Anthony@Anthony MINGW64 ~
$ cd resources

Anthony@Anthony MINGW64 ~/resources
$ mkdir css

Anthony@Anthony MINGW64 ~/resources
$ cd css

Anthony@Anthony MINGW64 ~/resources/css
$ touch style.css

Anthony@Anthony MINGW64 ~/resources/css
$ pwd
/c/Users/Anthony/resources/css

Anthony@Anthony MINGW64 ~/resources/css
$ cd excursion
bash: cd: excursion: No such file or directory

Anthony@Anthony MINGW64 ~/resources/css
$ cd/c/Users/Anthony/excursion
bash: cd/c/Users/Anthony/excursion: No such file or directory

Anthony@Anthony MINGW64 ~/resources/css
$ cd c/Users/Anthony/excursion
bash: cd: c/Users/Anthony/excursion: No such file or directory

Anthony@Anthony MINGW64 ~/resources/css
$ cd resources
bash: cd: resources: No such file or directory

Anthony@Anthony MINGW64 ~/resources/css
$ cd ..

Anthony@Anthony MINGW64 ~/resources
$ cd ..

Anthony@Anthony MINGW64 ~
$ cd excursion

Anthony@Anthony MINGW64 ~/excursion
$ git init
Initialized empty Git repository in C:/Users/Anthony/excursion/.git/

Anthony@Anthony MINGW64 ~/excursion (master)
$ git add index.html
fatal: pathspec 'index.html' did not match any files

Anthony@Anthony MINGW64 ~/excursion (master)
$ cd ..

Anthony@Anthony MINGW64 ~
$ git add index.html
fatal: Not a git repository (or any of the parent directories): .git

Anthony@Anthony MINGW64 ~
$ cd excursion

Anthony@Anthony MINGW64 ~/excursion (master)
$ git add index.html

Anthony@Anthony MINGW64 ~/excursion (master)
$ git add style.css

Anthony@Anthony MINGW64 ~/excursion (master)
$ git status
On branch master

No commits yet

Changes to be committed:
  (use "git rm --cached <file>..." to unstage)

        new file:   index.html
        new file:   style.css

Untracked files:
  (use "git add <file>..." to include in what will be committed)

        excursion.png
        excursion_redline.png


Anthony@Anthony MINGW64 ~/excursion (master)
$ git commit -m "Add HTML and CSS files for Excursion project."
[master (root-commit) d656db8] Add HTML and CSS files for Excursion project.
 2 files changed, 0 insertions(+), 0 deletions(-)
 create mode 100644 index.html
 create mode 100644 style.css

Anthony@Anthony MINGW64 ~/excursion (master)
$ git remote add origin https://github.com/Anthony-P-11/excursion.git

Anthony@Anthony MINGW64 ~/excursion (master)
$ git push -u origin master 7a5e7cfeec239a4919b4305403c2422486a104dc
fatal: 7a5e7cfeec239a4919b4305403c2422486a104dc cannot be resolved to branch.

Anthony@Anthony MINGW64 ~/excursion (master)
$ git push -u master Anthony-P-11
error: src refspec Anthony-P-11 does not match any.
error: failed to push some refs to 'master'

Anthony@Anthony MINGW64 ~/excursion (master)
$ git remote add origin https://github.com/Anthony-P-11/excursion.git
fatal: remote origin already exists.

Anthony@Anthony MINGW64 ~/excursion (master)
$ git remote -v
origin  https://github.com/Anthony-P-11/excursion.git (fetch)
origin  https://github.com/Anthony-P-11/excursion.git (push)

Anthony@Anthony MINGW64 ~/excursion (master)
$ git remote add origin https://github.com/Anthony-P-11/excursion.git
fatal: remote origin already exists.

Anthony@Anthony MINGW64 ~/excursion (master)
$ echo "# excursion" >> README.md
git commit -m "first commit"
git remote add origin https://github.com/Anthony-P-11/excursion.git
git push -u origin master
Anthony@Anthony MINGW64 ~/excursion (master)
$ git init
Reinitialized existing Git repository in C:/Users/Anthony/excursion/.git/

Anthony@Anthony MINGW64 ~/excursion (master)
$ git add README.md
warning: LF will be replaced by CRLF in README.md.
The file will have its original line endings in your working directory.

Anthony@Anthony MINGW64 ~/excursion (master)
$ git commit -m "first commit"
[master 649404a] first commit
 1 file changed, 1 insertion(+)
 create mode 100644 README.md

Anthony@Anthony MINGW64 ~/excursion (master)
$ git remote add origin https://github.com/Anthony-P-11/excursion.git
fatal: remote origin already exists.

Anthony@Anthony MINGW64 ~/excursion (master)
$ git status
On branch master
Your branch is up-to-date with 'origin/master'.

Changes not staged for commit:
  (use "git add <file>..." to update what will be committed)
  (use "git checkout -- <file>..." to discard changes in working directory)

        modified:   index.html

Untracked files:
  (use "git add <file>..." to include in what will be committed)

        excursion.png
        excursion_redline.png

no changes added to commit (use "git add" and/or "git commit -a")

Anthony@Anthony MINGW64 ~/excursion (master)
$ git add index.html

Anthony@Anthony MINGW64 ~/excursion (master)
$ git status
On branch master
Your branch is up-to-date with 'origin/master'.

Changes to be committed:
  (use "git reset HEAD <file>..." to unstage)

        modified:   index.html

Untracked files:
  (use "git add <file>..." to include in what will be committed)

        excursion.png
        excursion_redline.png


Anthony@Anthony MINGW64 ~/excursion (master)
$ git commit -m "Add boilerplate HTML and begin page content."
[master 848289e] Add boilerplate HTML and begin page content.
 1 file changed, 25 insertions(+)

Anthony@Anthony MINGW64 ~/excursion (master)
$ cd resources
bash: cd: resources: No such file or directory

Anthony@Anthony MINGW64 ~/excursion (master)
$ mkdir resources

Anthony@Anthony MINGW64 ~/excursion (master)
$ cd resources

Anthony@Anthony MINGW64 ~/excursion/resources (master)
$ mkdir video

Anthony@Anthony MINGW64 ~/excursion/resources (master)
$ mkdir image

Anthony@Anthony MINGW64 ~/excursion/resources (master)
$ cd ..

Anthony@Anthony MINGW64 ~/excursion (master)
$ cd resources

Anthony@Anthony MINGW64 ~/excursion/resources (master)
$ git add style.css
fatal: pathspec 'style.css' did not match any files

Anthony@Anthony MINGW64 ~/excursion/resources (master)
$ cd ..

Anthony@Anthony MINGW64 ~/excursion (master)
$ git commit -m "Completed HTML and CSS."
On branch master
Your branch is up-to-date with 'origin/master'.

Changes not staged for commit:
        modified:   index.html
        deleted:    style.css

Untracked files:
        excursion.png
        excursion_redline.png
        resources/

no changes added to commit

Anthony@Anthony MINGW64 ~/excursion (master)
$ git add .

Anthony@Anthony MINGW64 ~/excursion (master)
$ git status
On branch master
Your branch is up-to-date with 'origin/master'.

Changes to be committed:
  (use "git reset HEAD <file>..." to unstage)

        new file:   excursion.png
        new file:   excursion_redline.png
        modified:   index.html
        new file:   resources/css/style.css
        new file:   resources/images/camp.jpg
        new file:   resources/images/phone.png
        new file:   resources/videos/excursion.mp4
        deleted:    style.css


Anthony@Anthony MINGW64 ~/excursion (master)
$ git status
On branch master
Your branch is up-to-date with 'origin/master'.

Changes to be committed:
  (use "git reset HEAD <file>..." to unstage)

        new file:   excursion.png
        new file:   excursion_redline.png
        modified:   index.html
        new file:   resources/css/style.css
        new file:   resources/images/camp.jpg
        new file:   resources/images/phone.png
        new file:   resources/videos/excursion.mp4
        deleted:    style.css

Changes not staged for commit:
  (use "git add/rm <file>..." to update what will be committed)
  (use "git checkout -- <file>..." to discard changes in working directory)

        deleted:    excursion.png
        deleted:    excursion_redline.png


Anthony@Anthony MINGW64 ~/excursion (master)
$ git add .

Anthony@Anthony MINGW64 ~/excursion (master)
$ git status
On branch master
Your branch is up-to-date with 'origin/master'.

Changes to be committed:
  (use "git reset HEAD <file>..." to unstage)

        modified:   index.html
        new file:   resources/css/style.css
        new file:   resources/images/camp.jpg
        new file:   resources/images/phone.png
        new file:   resources/videos/excursion.mp4
        deleted:    style.css


Anthony@Anthony MINGW64 ~/excursion (master)
$ git commit -m "Complete HTML and CSS."
[master ea42bce] Complete HTML and CSS.
 6 files changed, 74 insertions(+), 25 deletions(-)
 rewrite index.html (64%)
 create mode 100644 resources/css/style.css
 create mode 100644 resources/images/camp.jpg
 create mode 100644 resources/images/phone.png
 create mode 100644 resources/videos/excursion.mp4
 delete mode 100644 style.css

Anthony@Anthony MINGW64 ~/excursion (master)
$ git add remote origin https://github.com/Anthony-P-11/excursion.git
fatal: pathspec 'remote' did not match any files

Anthony@Anthony MINGW64 ~/excursion (master)
$ git remote add origin https://github.com/Anthony-P-11/excursion.git
fatal: remote origin already exists.

Anthony@Anthony MINGW64 ~/excursion (master)
$ git push -u origin master
Counting objects: 11, done.
Delta compression using up to 4 threads.
Compressing objects: 100% (9/9), done.
Writing objects: 100% (11/11), 13.72 MiB | 710.00 KiB/s, done.
Total 11 (delta 0), reused 0 (delta 0)
To https://github.com/Anthony-P-11/excursion.git
   848289e..ea42bce  master -> master
Branch master set up to track remote branch master from origin.

Anthony@Anthony MINGW64 ~/excursion (master)
$ git commit
On branch master
Your branch is up-to-date with 'origin/master'.

nothing to commit, working tree clean

Anthony@Anthony MINGW64 ~/excursion (master)
$ pwd
/c/Users/Anthony/excursion

Anthony@Anthony MINGW64 ~/excursion (master)
$
